Testing Language Detection and Lookup:
Text: 'Hello world' -> Code: 'nl'
  Lookup alpha_2='nl': Found 'Dutch'
Text: 'Hola mundo' -> Code: 'es'
  Lookup alpha_2='es': Found 'Spanish'
Text: 'Bonjour le monde' -> Code: 'fr'
  Lookup alpha_2='fr': Found 'French'
